// Jest Snapshot v1, https://goo.gl/fbAQLP

exports[`<MapDetail/> renders correctly 1`] = `ShallowWrapper {}`;
